{
    "lambda - fasta": {
        "content": [
            [
                [
                    {
                        "id": "test"
                    },
                    "Host_prediction_to_genus_m90.csv:md5,68256d4c474bd8ce37ab05e2a68a11a6"
                ]
            ],
            [
                [
                    {
                        "id": "test"
                    },
                    "Host_prediction_to_genome_m90.csv:md5,4ff8baf261a77abcc020bc9886f44653"
                ]
            ],
            [
                "versions.yml:md5,a35d9cbfea9790601629ff6ce16062a7"
            ],
            "Detailed_output_by_tool.csv"
        ],
        "meta": {
            "nf-test": "0.9.0",
            "nextflow": "24.04.4"
        },
        "timestamp": "2024-10-02T17:21:30.845663501"
    },
    "stub": {
        "content": [
            {
                "0": [
                    [
                        {
                            "id": "test"
                        },
                        "Host_prediction_to_genus_m90.csv:md5,d41d8cd98f00b204e9800998ecf8427e"
                    ]
                ],
                "1": [
                    [
                        {
                            "id": "test"
                        },
                        "Host_prediction_to_genome_m90.csv:md5,d41d8cd98f00b204e9800998ecf8427e"
                    ]
                ],
                "2": [
                    [
                        {
                            "id": "test"
                        },
                        "Detailed_output_by_tool.csv:md5,d41d8cd98f00b204e9800998ecf8427e"
                    ]
                ],
                "3": [
                    "versions.yml:md5,a35d9cbfea9790601629ff6ce16062a7"
                ],
                "iphop_detailed_output": [
                    [
                        {
                            "id": "test"
                        },
                        "Detailed_output_by_tool.csv:md5,d41d8cd98f00b204e9800998ecf8427e"
                    ]
                ],
                "iphop_genome": [
                    [
                        {
                            "id": "test"
                        },
                        "Host_prediction_to_genome_m90.csv:md5,d41d8cd98f00b204e9800998ecf8427e"
                    ]
                ],
                "iphop_genus": [
                    [
                        {
                            "id": "test"
                        },
                        "Host_prediction_to_genus_m90.csv:md5,d41d8cd98f00b204e9800998ecf8427e"
                    ]
                ],
                "versions": [
                    "versions.yml:md5,a35d9cbfea9790601629ff6ce16062a7"
                ]
            }
        ],
        "meta": {
            "nf-test": "0.9.0",
            "nextflow": "24.04.4"
        },
        "timestamp": "2024-10-02T09:32:17.621897693"
    }
}